../Core/Src/main.c:126:16:checksum_xor	24	static
../Core/Src/main.c:142:13:send_packet_auto	632	static
../Core/Src/main.c:189:13:send_packet_reply_store	632	static
../Core/Src/main.c:219:13:handle_complete_message	504	static
../Core/Src/main.c:327:5:main	120	static
../Core/Src/main.c:407:6:SystemClock_Config	88	static
../Core/Src/main.c:461:13:MX_USART3_UART_Init	8	static
../Core/Src/main.c:496:13:MX_GPIO_Init	40	static
../Core/Src/main.c:539:6:HAL_UART_RxCpltCallback	16	static
../Core/Src/main.c:582:6:Error_Handler	4	static,ignoring_inline_asm
