../Core/Src/main.c:110:16:checksum_xor	24	static
../Core/Src/main.c:126:13:send_packet_auto	344	static
../Core/Src/main.c:150:13:send_packet_reply	344	static
../Core/Src/main.c:174:13:handle_complete_message	344	static
../Core/Src/main.c:259:5:main	120	static
../Core/Src/main.c:339:6:SystemClock_Config	88	static
../Core/Src/main.c:393:13:MX_USART3_UART_Init	8	static
../Core/Src/main.c:428:13:MX_GPIO_Init	40	static
../Core/Src/main.c:463:6:HAL_UART_RxCpltCallback	16	static
../Core/Src/main.c:506:6:Error_Handler	4	static,ignoring_inline_asm
